=== RUN   TestScanConversion
--- PASS: TestScanConversion (0.00s)
PASS
ok  	github.com/gomodule/redigo/redis	10.128s
